TAP version 13
# Subtest: module loads without error
not ok 1 - module loads without error
  ---
  duration_ms: 75.258065
  type: 'test'
  location: '/media/harshit-on-linux/ProgramFiles/GSSoC26/pdf-qa-bot/server.test.js:11:1'
  failureType: 'testCodeFailure'
  error: |-
    Cannot find module 'express-rate-limit'
    Require stack:
    - /media/harshit-on-linux/ProgramFiles/GSSoC26/pdf-qa-bot/server.js
    - /media/harshit-on-linux/ProgramFiles/GSSoC26/pdf-qa-bot/server.test.js
  code: 'MODULE_NOT_FOUND'
  stack: |-
    Function._resolveFilename (node:internal/modules/cjs/loader:1383:15)
    defaultResolveImpl (node:internal/modules/cjs/loader:1025:19)
    resolveForCJSWithHooks (node:internal/modules/cjs/loader:1030:22)
    Function._load (node:internal/modules/cjs/loader:1192:37)
    TracingChannel.traceSync (node:diagnostics_channel:328:14)
    wrapModuleLoad (node:internal/modules/cjs/loader:237:24)
    Module.require (node:internal/modules/cjs/loader:1463:12)
    require (node:internal/modules/helpers:147:16)
    Object.<anonymous> (/media/harshit-on-linux/ProgramFiles/GSSoC26/pdf-qa-bot/server.js:10:23)
    Module._compile (node:internal/modules/cjs/loader:1705:14)
  ...
# Subtest: IP normalization
    # Subtest: normalizeIp strips IPv4-mapped IPv6 prefix
    not ok 1 - normalizeIp strips IPv4-mapped IPv6 prefix
      ---
      duration_ms: 0.301064
      type: 'test'
      location: '/media/harshit-on-linux/ProgramFiles/GSSoC26/pdf-qa-bot/server.test.js:61:3'
      failureType: 'testCodeFailure'
      error: 'normalizeIp is not a function'
      code: 'ERR_TEST_FAILURE'
      name: 'TypeError'
      stack: |-
        TestContext.<anonymous> (/media/harshit-on-linux/ProgramFiles/GSSoC26/pdf-qa-bot/server.test.js:62:18)
        Test.runInAsyncScope (node:async_hooks:214:14)
        Test.run (node:internal/test_runner/test:1047:25)
        Test.start (node:internal/test_runner/test:944:17)
        node:internal/test_runner/test:1440:71
        node:internal/per_context/primordials:466:82
        new Promise (<anonymous>)
        new SafePromise (node:internal/per_context/primordials:435:3)
        node:internal/per_context/primordials:466:9
        Array.map (<anonymous>)
      ...
    # Subtest: clientIpFromRequest prefers req.ip and normalizes it
    not ok 2 - clientIpFromRequest prefers req.ip and normalizes it
      ---
      duration_ms: 0.160142
      type: 'test'
      location: '/media/harshit-on-linux/ProgramFiles/GSSoC26/pdf-qa-bot/server.test.js:65:3'
      failureType: 'testCodeFailure'
      error: 'clientIpFromRequest is not a function'
      code: 'ERR_TEST_FAILURE'
      name: 'TypeError'
      stack: |-
        TestContext.<anonymous> (/media/harshit-on-linux/ProgramFiles/GSSoC26/pdf-qa-bot/server.test.js:66:16)
        Test.runInAsyncScope (node:async_hooks:214:14)
        Test.run (node:internal/test_runner/test:1047:25)
        Suite.processPendingSubtests (node:internal/test_runner/test:744:18)
        Test.postRun (node:internal/test_runner/test:1173:19)
        Test.run (node:internal/test_runner/test:1101:12)
        async Promise.all (index 0)
        async Suite.run (node:internal/test_runner/test:1442:7)
        async Test.processPendingSubtests (node:internal/test_runner/test:744:7)
      ...
    1..2
not ok 2 - IP normalization
  ---
  duration_ms: 0.803487
  type: 'suite'
  location: '/media/harshit-on-linux/ProgramFiles/GSSoC26/pdf-qa-bot/server.test.js:60:1'
  failureType: 'subtestsFailed'
  error: '2 subtests failed'
  code: 'ERR_TEST_FAILURE'
  ...
# Subtest: service error extraction
    # Subtest: falls back when upstream details are empty
    not ok 1 - falls back when upstream details are empty
      ---
      duration_ms: 0.335421
      type: 'test'
      location: '/media/harshit-on-linux/ProgramFiles/GSSoC26/pdf-qa-bot/server.test.js:72:3'
      failureType: 'testCodeFailure'
      error: 'extractServiceDetails is not a function'
      code: 'ERR_TEST_FAILURE'
      name: 'TypeError'
      stack: |-
        TestContext.<anonymous> (/media/harshit-on-linux/ProgramFiles/GSSoC26/pdf-qa-bot/server.test.js:73:21)
        Test.runInAsyncScope (node:async_hooks:214:14)
        Test.run (node:internal/test_runner/test:1047:25)
        Test.start (node:internal/test_runner/test:944:17)
        node:internal/test_runner/test:1440:71
        node:internal/per_context/primordials:466:82
        new Promise (<anonymous>)
        new SafePromise (node:internal/per_context/primordials:435:3)
        node:internal/per_context/primordials:466:9
        Array.map (<anonymous>)
      ...
    # Subtest: extracts nested upstream detail
    not ok 2 - extracts nested upstream detail
      ---
      duration_ms: 0.14281
      type: 'test'
      location: '/media/harshit-on-linux/ProgramFiles/GSSoC26/pdf-qa-bot/server.test.js:81:3'
      failureType: 'testCodeFailure'
      error: 'extractServiceDetails is not a function'
      code: 'ERR_TEST_FAILURE'
      name: 'TypeError'
      stack: |-
        TestContext.<anonymous> (/media/harshit-on-linux/ProgramFiles/GSSoC26/pdf-qa-bot/server.test.js:82:21)
        Test.runInAsyncScope (node:async_hooks:214:14)
        Test.run (node:internal/test_runner/test:1047:25)
        Suite.processPendingSubtests (node:internal/test_runner/test:744:18)
        Test.postRun (node:internal/test_runner/test:1173:19)
        Test.run (node:internal/test_runner/test:1101:12)
        async Promise.all (index 0)
        async Suite.run (node:internal/test_runner/test:1442:7)
        async Test.processPendingSubtests (node:internal/test_runner/test:744:7)
      ...
    1..2
not ok 3 - service error extraction
  ---
  duration_ms: 0.669499
  type: 'suite'
  location: '/media/harshit-on-linux/ProgramFiles/GSSoC26/pdf-qa-bot/server.test.js:71:1'
  failureType: 'subtestsFailed'
  error: '2 subtests failed'
  code: 'ERR_TEST_FAILURE'
  ...
# Subtest: askSchema validation
    # Subtest: accepts valid input
    not ok 1 - accepts valid input
      ---
      duration_ms: 0.338708
      type: 'test'
      location: '/media/harshit-on-linux/ProgramFiles/GSSoC26/pdf-qa-bot/server.test.js:92:3'
      failureType: 'testCodeFailure'
      error: "Cannot read properties of undefined (reading 'safeParse')"
      code: 'ERR_TEST_FAILURE'
      name: 'TypeError'
      stack: |-
        TestContext.<anonymous> (/media/harshit-on-linux/ProgramFiles/GSSoC26/pdf-qa-bot/server.test.js:93:30)
        Test.runInAsyncScope (node:async_hooks:214:14)
        Test.run (node:internal/test_runner/test:1047:25)
        Test.start (node:internal/test_runner/test:944:17)
        node:internal/test_runner/test:1440:71
        node:internal/per_context/primordials:466:82
        new Promise (<anonymous>)
        new SafePromise (node:internal/per_context/primordials:435:3)
        node:internal/per_context/primordials:466:9
        Array.map (<anonymous>)
      ...
    # Subtest: rejects empty question
    not ok 2 - rejects empty question
      ---
      duration_ms: 0.354851
      type: 'test'
      location: '/media/harshit-on-linux/ProgramFiles/GSSoC26/pdf-qa-bot/server.test.js:100:3'
      failureType: 'testCodeFailure'
      error: "Cannot read properties of undefined (reading 'safeParse')"
      code: 'ERR_TEST_FAILURE'
      name: 'TypeError'
      stack: |-
        TestContext.<anonymous> (/media/harshit-on-linux/ProgramFiles/GSSoC26/pdf-qa-bot/server.test.js:101:30)
        Test.runInAsyncScope (node:async_hooks:214:14)
        Test.run (node:internal/test_runner/test:1047:25)
        Suite.processPendingSubtests (node:internal/test_runner/test:744:18)
        Test.postRun (node:internal/test_runner/test:1173:19)
        Test.run (node:internal/test_runner/test:1101:12)
        async Promise.all (index 0)
        async Suite.run (node:internal/test_runner/test:1442:7)
        async Test.processPendingSubtests (node:internal/test_runner/test:744:7)
      ...
    # Subtest: rejects missing session_id
    not ok 3 - rejects missing session_id
      ---
      duration_ms: 0.32083
      type: 'test'
      location: '/media/harshit-on-linux/ProgramFiles/GSSoC26/pdf-qa-bot/server.test.js:108:3'
      failureType: 'testCodeFailure'
      error: "Cannot read properties of undefined (reading 'safeParse')"
      code: 'ERR_TEST_FAILURE'
      name: 'TypeError'
      stack: |-
        TestContext.<anonymous> (/media/harshit-on-linux/ProgramFiles/GSSoC26/pdf-qa-bot/server.test.js:109:30)
        Test.runInAsyncScope (node:async_hooks:214:14)
        Test.run (node:internal/test_runner/test:1047:25)
        Suite.processPendingSubtests (node:internal/test_runner/test:744:18)
        Test.postRun (node:internal/test_runner/test:1173:19)
        Test.run (node:internal/test_runner/test:1101:12)
        async Suite.processPendingSubtests (node:internal/test_runner/test:744:7)
      ...
    # Subtest: rejects non-UUID session_id
    not ok 4 - rejects non-UUID session_id
      ---
      duration_ms: 0.234702
      type: 'test'
      location: '/media/harshit-on-linux/ProgramFiles/GSSoC26/pdf-qa-bot/server.test.js:115:3'
      failureType: 'testCodeFailure'
      error: "Cannot read properties of undefined (reading 'safeParse')"
      code: 'ERR_TEST_FAILURE'
      name: 'TypeError'
      stack: |-
        TestContext.<anonymous> (/media/harshit-on-linux/ProgramFiles/GSSoC26/pdf-qa-bot/server.test.js:116:30)
        Test.runInAsyncScope (node:async_hooks:214:14)
        Test.run (node:internal/test_runner/test:1047:25)
        Suite.processPendingSubtests (node:internal/test_runner/test:744:18)
        Test.postRun (node:internal/test_runner/test:1173:19)
        Test.run (node:internal/test_runner/test:1101:12)
        async Suite.processPendingSubtests (node:internal/test_runner/test:744:7)
      ...
    1..4
not ok 4 - askSchema validation
  ---
  duration_ms: 1.832034
  type: 'suite'
  location: '/media/harshit-on-linux/ProgramFiles/GSSoC26/pdf-qa-bot/server.test.js:91:1'
  failureType: 'subtestsFailed'
  error: '4 subtests failed'
  code: 'ERR_TEST_FAILURE'
  ...
# Subtest: summarizeSchema validation
    # Subtest: accepts valid input
    not ok 1 - accepts valid input
      ---
      duration_ms: 0.385332
      type: 'test'
      location: '/media/harshit-on-linux/ProgramFiles/GSSoC26/pdf-qa-bot/server.test.js:125:3'
      failureType: 'testCodeFailure'
      error: "Cannot read properties of undefined (reading 'safeParse')"
      code: 'ERR_TEST_FAILURE'
      name: 'TypeError'
      stack: |-
        TestContext.<anonymous> (/media/harshit-on-linux/ProgramFiles/GSSoC26/pdf-qa-bot/server.test.js:126:36)
        Test.runInAsyncScope (node:async_hooks:214:14)
        Test.run (node:internal/test_runner/test:1047:25)
        Test.start (node:internal/test_runner/test:944:17)
        node:internal/test_runner/test:1440:71
        node:internal/per_context/primordials:466:82
        new Promise (<anonymous>)
        new SafePromise (node:internal/per_context/primordials:435:3)
        node:internal/per_context/primordials:466:9
        Array.map (<anonymous>)
      ...
    # Subtest: rejects missing session_id
    not ok 2 - rejects missing session_id
      ---
      duration_ms: 0.121666
      type: 'test'
      location: '/media/harshit-on-linux/ProgramFiles/GSSoC26/pdf-qa-bot/server.test.js:132:3'
      failureType: 'testCodeFailure'
      error: "Cannot read properties of undefined (reading 'safeParse')"
      code: 'ERR_TEST_FAILURE'
      name: 'TypeError'
      stack: |-
        TestContext.<anonymous> (/media/harshit-on-linux/ProgramFiles/GSSoC26/pdf-qa-bot/server.test.js:133:36)
        Test.runInAsyncScope (node:async_hooks:214:14)
        Test.run (node:internal/test_runner/test:1047:25)
        Suite.processPendingSubtests (node:internal/test_runner/test:744:18)
        Test.postRun (node:internal/test_runner/test:1173:19)
        Test.run (node:internal/test_runner/test:1101:12)
        async Promise.all (index 0)
        async Suite.run (node:internal/test_runner/test:1442:7)
        async Test.processPendingSubtests (node:internal/test_runner/test:744:7)
      ...
    # Subtest: rejects empty session_id
    not ok 3 - rejects empty session_id
      ---
      duration_ms: 0.096235
      type: 'test'
      location: '/media/harshit-on-linux/ProgramFiles/GSSoC26/pdf-qa-bot/server.test.js:137:3'
      failureType: 'testCodeFailure'
      error: "Cannot read properties of undefined (reading 'safeParse')"
      code: 'ERR_TEST_FAILURE'
      name: 'TypeError'
      stack: |-
        TestContext.<anonymous> (/media/harshit-on-linux/ProgramFiles/GSSoC26/pdf-qa-bot/server.test.js:138:36)
        Test.runInAsyncScope (node:async_hooks:214:14)
        Test.run (node:internal/test_runner/test:1047:25)
        Suite.processPendingSubtests (node:internal/test_runner/test:744:18)
        Test.postRun (node:internal/test_runner/test:1173:19)
        Test.run (node:internal/test_runner/test:1101:12)
        async Suite.processPendingSubtests (node:internal/test_runner/test:744:7)
      ...
    1..3
not ok 5 - summarizeSchema validation
  ---
  duration_ms: 0.751665
  type: 'suite'
  location: '/media/harshit-on-linux/ProgramFiles/GSSoC26/pdf-qa-bot/server.test.js:124:1'
  failureType: 'subtestsFailed'
  error: '3 subtests failed'
  code: 'ERR_TEST_FAILURE'
  ...
